{
	"data": {
		"id": "id1",
		"links": {
			"self": "/mocktype/id1"
		},
		"type": "mocktype"
	},
	"included": [
		{
			"id": "id2",
			"links": {
				"self": "/mocktype/id2"
			},
			"type": "mocktype"
		},
		{
			"id": "id3",
			"links": {
				"self": "/mocktype/id3"
			},
			"type": "mocktype"
		},
		{
			"id": "id4",
			"links": {
				"self": "/mocktype/id4"
			},
			"type": "mocktype"
		}
	],
	"jsonapi": {
		"version": "1.0"
	},
	"links": {
		"self": "/fake/path?fields%5Bmocktype%"
	}
}
