{
	"data": {
		"id": "id1",
		"type": "mocktype"
	},
	"jsonapi": {
		"version": "1.0"
	},
	"links": {
		"self": "/fake/path?fields%5Bmocktype%"
	}
}
