{
	"data": {
		"attributes": {
			"bool": true,
			"bytes": "AQID",
			"int": 10,
			"str": "str",
			"time": "2013-06-24T22:03:34.8276Z",
			"uint64": 1064
		},
		"id": "id1",
		"links": {
			"self": "/mocktype/id1"
		},
		"relationships": {
			"to-1": {
				"data": {
					"id": "id2",
					"type": "mocktype"
				},
				"links": {
					"related": "/mocktype/id1/to-1",
					"self": "/mocktype/id1/relationships/to-1"
				}
			},
			"to-x-from-1": {
				"data": [
					{
						"id": "id4",
						"type": "mocktype"
					}
				],
				"links": {
					"related": "/mocktype/id1/to-x-from-1",
					"self": "/mocktype/id1/relationships/to-x-from-1"
				}
			}
		},
		"type": "mocktype"
	},
	"jsonapi": {
		"version": "1.0"
	},
	"links": {
		"self": "/fake/path?fields%5Bmocktype%5D=bool%2Cbytes%2Cint%2Cstr%2Ctime%2Cto-1%2Cto-x-from-1%2Cuint64"
	}
}
